*** EVALUATION ***
PROGRAM "Control_DC_Speed.abs"

*********************************************************************************************
TARGET SECTION
---------------------------------------------------------------------------------------------
Processor   : Freescale HC08
Memory Model: SMALL
File Format : ELF\DWARF 2.0
Linker      : SmartLinker V-5.0.51 Build 14019, Jan 20 2014

*********************************************************************************************
FILE SECTION
---------------------------------------------------------------------------------------------
SCI_c.obj                               Model: SMALL,         Lang: ANSI-C
StringUtils_c.obj                       Model: SMALL,         Lang: ANSI-C
main_c.obj                              Model: SMALL,         Lang: ANSI-C
start08_c.obj                           Model: SMALL,         Lang: ANSI-C
mc9s08qg8_c.obj                         Model: SMALL,         Lang: ANSI-C
rtshc08.o (ansiis.lib)                  Model: SMALL,         Lang: ANSI-C

*********************************************************************************************
STARTUP SECTION
---------------------------------------------------------------------------------------------
Entry point: 0xE07B (_Startup)
_startupData is allocated at 0xE084 and uses 6 Bytes
extern struct _tagStartup {
  unsigned nofZeroOut     1
  _Range   pZeroOut       0x100     86
  _Copy    *toCopyDownBeg 0xE75A
} _startupData;

*********************************************************************************************
SECTION-ALLOCATION SECTION
Section Name                    Size  Type     From       To       Segment
---------------------------------------------------------------------------------------------
.init                            132     R     0xE000     0xE083   ROM
.startData                        14     R     0xE084     0xE091   ROM
.text                           1736     R     0xE092     0xE759   ROM
.copy                              2     R     0xE75A     0xE75B   ROM
.abs_section_ffde                  2     R     0xFFDE     0xFFDF   .absSeg0
.abs_section_ffe0                  2     R     0xFFE0     0xFFE1   .absSeg1
.abs_section_fff4                  2     R     0xFFF4     0xFFF5   .absSeg2
.abs_section_fff2                  2     R     0xFFF2     0xFFF3   .absSeg3
.abs_section_0                     1   N/I        0x0        0x0   .absSeg4
.abs_section_1                     1   N/I        0x1        0x1   .absSeg5
.abs_section_2                     1   N/I        0x2        0x2   .absSeg6
.abs_section_3                     1   N/I        0x3        0x3   .absSeg7
.abs_section_c                     1   N/I        0xC        0xC   .absSeg8
.abs_section_d                     1   N/I        0xD        0xD   .absSeg9
.abs_section_e                     1   N/I        0xE        0xE   .absSeg10
.abs_section_f                     1   N/I        0xF        0xF   .absSeg11
.abs_section_10                    1   N/I       0x10       0x10   .absSeg12
.abs_section_11                    1   N/I       0x11       0x11   .absSeg13
.abs_section_16                    1   N/I       0x16       0x16   .absSeg14
.abs_section_17                    1   N/I       0x17       0x17   .absSeg15
.abs_section_1a                    1   N/I       0x1A       0x1A   .absSeg16
.abs_section_22                    1   N/I       0x22       0x22   .absSeg17
.abs_section_23                    1   N/I       0x23       0x23   .absSeg18
.abs_section_24                    1   N/I       0x24       0x24   .absSeg19
.abs_section_25                    1   N/I       0x25       0x25   .absSeg20
.abs_section_26                    1   N/I       0x26       0x26   .absSeg21
.abs_section_27                    1   N/I       0x27       0x27   .absSeg22
.abs_section_28                    1   N/I       0x28       0x28   .absSeg23
.abs_section_29                    1   N/I       0x29       0x29   .absSeg24
.abs_section_2a                    1   N/I       0x2A       0x2A   .absSeg25
.abs_section_2b                    1   N/I       0x2B       0x2B   .absSeg26
.abs_section_2d                    1   N/I       0x2D       0x2D   .absSeg27
.abs_section_30                    1   N/I       0x30       0x30   .absSeg28
.abs_section_31                    1   N/I       0x31       0x31   .absSeg29
.abs_section_32                    1   N/I       0x32       0x32   .absSeg30
.abs_section_33                    1   N/I       0x33       0x33   .absSeg31
.abs_section_34                    1   N/I       0x34       0x34   .absSeg32
.abs_section_38                    1   N/I       0x38       0x38   .absSeg33
.abs_section_39                    1   N/I       0x39       0x39   .absSeg34
.abs_section_3a                    1   N/I       0x3A       0x3A   .absSeg35
.abs_section_3b                    1   N/I       0x3B       0x3B   .absSeg36
.abs_section_3c                    1   N/I       0x3C       0x3C   .absSeg37
.abs_section_3d                    1   N/I       0x3D       0x3D   .absSeg38
.abs_section_3e                    1   N/I       0x3E       0x3E   .absSeg39
.abs_section_3f                    1   N/I       0x3F       0x3F   .absSeg40
.abs_section_40                    1   N/I       0x40       0x40   .absSeg41
.abs_section_45                    1   N/I       0x45       0x45   .absSeg42
.abs_section_48                    1   N/I       0x48       0x48   .absSeg43
.abs_section_1800                  1   N/I     0x1800     0x1800   .absSeg44
.abs_section_1801                  1   N/I     0x1801     0x1801   .absSeg45
.abs_section_1802                  1   N/I     0x1802     0x1802   .absSeg46
.abs_section_1803                  1   N/I     0x1803     0x1803   .absSeg47
.abs_section_1808                  1   N/I     0x1808     0x1808   .absSeg48
.abs_section_1809                  1   N/I     0x1809     0x1809   .absSeg49
.abs_section_180a                  1   N/I     0x180A     0x180A   .absSeg50
.abs_section_180c                  1   N/I     0x180C     0x180C   .absSeg51
.abs_section_1816                  1   N/I     0x1816     0x1816   .absSeg52
.abs_section_1817                  1   N/I     0x1817     0x1817   .absSeg53
.abs_section_1818                  1   N/I     0x1818     0x1818   .absSeg54
.abs_section_1820                  1   N/I     0x1820     0x1820   .absSeg55
.abs_section_1821                  1   N/I     0x1821     0x1821   .absSeg56
.abs_section_1823                  1   N/I     0x1823     0x1823   .absSeg57
.abs_section_1824                  1   N/I     0x1824     0x1824   .absSeg58
.abs_section_1825                  1   N/I     0x1825     0x1825   .absSeg59
.abs_section_1826                  1   N/I     0x1826     0x1826   .absSeg60
.abs_section_1840                  1   N/I     0x1840     0x1840   .absSeg61
.abs_section_1841                  1   N/I     0x1841     0x1841   .absSeg62
.abs_section_1842                  1   N/I     0x1842     0x1842   .absSeg63
.abs_section_1844                  1   N/I     0x1844     0x1844   .absSeg64
.abs_section_1845                  1   N/I     0x1845     0x1845   .absSeg65
.abs_section_1846                  1   N/I     0x1846     0x1846   .absSeg66
.abs_section_12                    2   N/I       0x12       0x13   .absSeg67
.abs_section_14                    2   N/I       0x14       0x15   .absSeg68
.abs_section_20                    2   N/I       0x20       0x21   .absSeg69
.abs_section_41                    2   N/I       0x41       0x42   .absSeg70
.abs_section_43                    2   N/I       0x43       0x44   .absSeg71
.abs_section_46                    2   N/I       0x46       0x47   .absSeg72
.abs_section_49                    2   N/I       0x49       0x4A   .absSeg73
.abs_section_1806                  2   N/I     0x1806     0x1807   .absSeg74
.abs_section_1810                  2   N/I     0x1810     0x1811   .absSeg75
.abs_section_1812                  2   N/I     0x1812     0x1813   .absSeg76
.abs_section_1814                  2   N/I     0x1814     0x1815   .absSeg77
.bss                              39   R/W      0x100      0x126   RAM
.common                           47   R/W      0x127      0x155   RAM
.stack                            64   R/W      0x156      0x195   RAM
.vectSeg78_vect                    2     R     0xFFFE     0xFFFF   .vectSeg78

Summary of section sizes per section type:
READ_ONLY (R):         766 (dec:     1894)
READ_WRITE (R/W):       96 (dec:      150)
NO_INIT (N/I):          55 (dec:       85)

*********************************************************************************************
VECTOR-ALLOCATION SECTION
    Address     InitValue   InitFunction
---------------------------------------------------------------------------------------------
     0xFFFE        0xE07B   _Startup

*********************************************************************************************
OBJECT-ALLOCATION SECTION
     Name               Module                 Addr   hSize   dSize     Ref    Section   RLIB
---------------------------------------------------------------------------------------------
MODULE:                 -- SCI_c.obj --
- PROCEDURES:
     SCI_InitTx                                E092       8       8       1   .text       
     SCI_SendMessage                           E09A      3F      63       1   .text       
     SCI_TxIsBusy                              E0D9       4       4       1   .text       
     SCI_BaudRateModuloDivisor                 E0DD       4       4       1   .text       
     SCI_Tx_IRS                                E0E1      23      35       1   .text       
     SCI_Rx_IRS                                E104      10      16       1   .text       
- VARIABLES:
     cTxMsg                                     100      1E      30       3   .bss        
     u8TxSize                                   11E       1       1       2   .bss        
     u8TxIndex                                  11F       1       1       4   .bss        
     bTxIsBusy                                  120       1       1       3   .bss        
     fnRxCallback                               121       2       2       1   .bss        
     cRxData                                    123       1       1       1   .bss        
     _Vector_16                                FFDE       2       2       0   .abs_section_ffde
     _Vector_15                                FFE0       2       2       0   .abs_section_ffe0
MODULE:                 -- StringUtils_c.obj --
- PROCEDURES:
     StringUtils_Num2Str                       E114      56      86       2   .text       
- VARIABLES:
     accumulatedValue                           124       2       2       4   .bss        
     index                                      126       1       1       4   .bss        
MODULE:                 -- main_c.obj --
- PROCEDURES:
     CH0_ISR                                   E16A      3A      58       1   .text       
     CH1_ISR                                   E1A4      74     116       1   .text       
     main                                      E218     1BB     443       5   .text       
- VARIABLES:
     _Vector_5                                 FFF4       2       2       0   .abs_section_fff4
     _Vector_6                                 FFF2       2       2       0   .abs_section_fff2
     dutyCycle                                  127       2       2       9   .common     
     RPM                                        129       2       2       3   .common     
     t0                                         12B       4       4       5   .common     
     t1                                         12F       2       2       5   .common     
     t2                                         131       2       2       4   .common     
     T                                          133       4       4       6   .common     
     string                                     137       6       6       3   .common     
     string2                                    13D       6       6       3   .common     
     counts                                     143       1       1       4   .common     
     pos                                        144       2       2       2   .common     
     mode                                       146       1       1       3   .common     
     countsSCI                                  147       1       1       4   .common     
     error_anterior                             148       2       2       4   .common     
     error_actual                               14A       2       2       6   .common     
     acumulador                                 14C       4       4       4   .common     
     derivativo                                 150       2       2       3   .common     
     Q                                          152       4       4      10   .common     
MODULE:                 -- start08_c.obj --
- PROCEDURES:
     loadByte                                  E000       E      14       5   .init       
     Init                                      E00E      6D     109       1   .init       
     _Startup                                  E07B       9       9       0   .init       
- VARIABLES:
     _startupData                              E084       6       6       4   .startData  
- LABELS:
     __SEG_END_SSTACK                           196       0       0       1               
MODULE:                 -- mc9s08qg8_c.obj --
- PROCEDURES:
- VARIABLES:
     _PTAD                                        0       1       1       0   .abs_section_0
     _PTADD                                       1       1       1       0   .abs_section_1
     _PTBD                                        2       1       1       0   .abs_section_2
     _PTBDD                                       3       1       1       1   .abs_section_3
     _KBISC                                       C       1       1       0   .abs_section_c
     _KBIPE                                       D       1       1       0   .abs_section_d
     _KBIES                                       E       1       1       0   .abs_section_e
     _IRQSC                                       F       1       1       0   .abs_section_f
     _ADCSC1                                     10       1       1       0   .abs_section_10
     _ADCSC2                                     11       1       1       0   .abs_section_11
     _ADCCFG                                     16       1       1       0   .abs_section_16
     _APCTL1                                     17       1       1       0   .abs_section_17
     _ACMPSC                                     1A       1       1       0   .abs_section_1a
     _SCIC1                                      22       1       1       0   .abs_section_22
     _SCIC2                                      23       1       1       3   .abs_section_23
     _SCIS1                                      24       1       1       2   .abs_section_24
     _SCIS2                                      25       1       1       0   .abs_section_25
     _SCIC3                                      26       1       1       0   .abs_section_26
     _SCID                                       27       1       1       3   .abs_section_27
     _SPIC1                                      28       1       1       0   .abs_section_28
     _SPIC2                                      29       1       1       0   .abs_section_29
     _SPIBR                                      2A       1       1       0   .abs_section_2a
     _SPIS                                       2B       1       1       0   .abs_section_2b
     _SPID                                       2D       1       1       0   .abs_section_2d
     _IICA                                       30       1       1       0   .abs_section_30
     _IICF                                       31       1       1       0   .abs_section_31
     _IICC                                       32       1       1       0   .abs_section_32
     _IICS                                       33       1       1       0   .abs_section_33
     _IICD                                       34       1       1       0   .abs_section_34
     _ICSC1                                      38       1       1       0   .abs_section_38
     _ICSC2                                      39       1       1       0   .abs_section_39
     _ICSTRM                                     3A       1       1       0   .abs_section_3a
     _ICSSC                                      3B       1       1       0   .abs_section_3b
     _MTIMSC                                     3C       1       1       0   .abs_section_3c
     _MTIMCLK                                    3D       1       1       0   .abs_section_3d
     _MTIMCNT                                    3E       1       1       0   .abs_section_3e
     _MTIMMOD                                    3F       1       1       0   .abs_section_3f
     _TPMSC                                      40       1       1       1   .abs_section_40
     _TPMC0SC                                    45       1       1       3   .abs_section_45
     _TPMC1SC                                    48       1       1       6   .abs_section_48
     _SRS                                      1800       1       1       1   .abs_section_1800
     _SBDFR                                    1801       1       1       0   .abs_section_1801
     _SOPT1                                    1802       1       1       0   .abs_section_1802
     _SOPT2                                    1803       1       1       0   .abs_section_1803
     _SRTISC                                   1808       1       1       0   .abs_section_1808
     _SPMSC1                                   1809       1       1       0   .abs_section_1809
     _SPMSC2                                   180A       1       1       0   .abs_section_180a
     _SPMSC3                                   180C       1       1       0   .abs_section_180c
     _DBGC                                     1816       1       1       0   .abs_section_1816
     _DBGT                                     1817       1       1       0   .abs_section_1817
     _DBGS                                     1818       1       1       0   .abs_section_1818
     _FCDIV                                    1820       1       1       0   .abs_section_1820
     _FOPT                                     1821       1       1       0   .abs_section_1821
     _FCNFG                                    1823       1       1       0   .abs_section_1823
     _FPROT                                    1824       1       1       0   .abs_section_1824
     _FSTAT                                    1825       1       1       0   .abs_section_1825
     _FCMD                                     1826       1       1       0   .abs_section_1826
     _PTAPE                                    1840       1       1       0   .abs_section_1840
     _PTASE                                    1841       1       1       0   .abs_section_1841
     _PTADS                                    1842       1       1       0   .abs_section_1842
     _PTBPE                                    1844       1       1       0   .abs_section_1844
     _PTBSE                                    1845       1       1       0   .abs_section_1845
     _PTBDS                                    1846       1       1       0   .abs_section_1846
     _ADCR                                       12       2       2       0   .abs_section_12
     _ADCCV                                      14       2       2       0   .abs_section_14
     _SCIBD                                      20       2       2       1   .abs_section_20
     _TPMCNT                                     41       2       2       1   .abs_section_41
     _TPMMOD                                     43       2       2       0   .abs_section_43
     _TPMC0V                                     46       2       2       0   .abs_section_46
     _TPMC1V                                     49       2       2       5   .abs_section_49
     _SDID                                     1806       2       2       0   .abs_section_1806
     _DBGCA                                    1810       2       2       0   .abs_section_1810
     _DBGCB                                    1812       2       2       0   .abs_section_1812
     _DBGF                                     1814       2       2       0   .abs_section_1814
MODULE:                 -- rtshc08.o (ansiis.lib) --
- PROCEDURES:
     _PUSH_ARGS_L                              E3D3      20      32       3   .text       
     _ENTER_UNARY_L                            E3F3      29      41       1   .text       
     _ENTER_BINARY_L                           E41C      16      22       1   .text       
     _ENTER_BINARY_L_RC                        E432      19      25       2   .text       
     _ENTER_BINARY_L_LC                        E44B      1A      26       1   .text       
     _IDIVMOD                                  E465      69     105       3   .text       
     _SPLITSIGN                                E4CE      1C      28       1   .text       
     _LADD_k_is_k_plus_j                       E4EA      1F      31       1   .text       
     _k_is_k_plus_j_l                          E509      1E      30       2   .text       
     _k_is_k_plus_j_i                          E527      12      18       3   .text       
     _LMUL_k_is_k_mul_j                        E539      81     129       1   .text       
     _LDIVMOD                                  E5BA      A4     164       1   .text       
     _LDIVU_k_is_k_div_j                       E65E      17      23       1   .text       
     _LCMP_k_rel_j                             E675      1F      31       1   .text       
     _IMUL_STAR08                              E694      27      39       1   .text       
     _IDIVS_STAR08                             E6BB      1B      27       1   .text       
     _IDIVU_STAR08                             E6D6       D      13       1   .text       
     _IMODU_STAR08                             E6E3      10      16       1   .text       
     _IMODU_8                                  E6F3      12      18       1   .text       
     _LADD                                     E705       6       6       3   .text       
     _LMUL_RC                                  E70B       6       6       1   .text       
     _LDIVU_LC                                 E711       6       6       1   .text       
     _LLSR                                     E717      16      22       1   .text       
     _LCMP_RC                                  E72D       6       6       3   .text       
     _POP32                                    E733      1A      26       5   .text       
     _SEXT16_32                                E74D       D      13       3   .text       
- VARIABLES:

*********************************************************************************************
MODULE STATISTIC
  Name                                      Data   Code  Const
---------------------------------------------------------------------------------------------
  SCI_c.obj                                   36    130      4
  StringUtils_c.obj                            3     86      0
  main_c.obj                                  47    617      4
  start08_c.obj                                0    132      0
  mc9s08qg8_c.obj                             85      0      0
  rtshc08.o (ansiis.lib)                       0    903      0
  other                                       64     16      2

*********************************************************************************************
SECTION USE IN OBJECT-ALLOCATION SECTION
---------------------------------------------------------------------------------------------
SECTION: ".text"
  SCI_InitTx SCI_SendMessage SCI_TxIsBusy SCI_BaudRateModuloDivisor SCI_Tx_IRS 
  SCI_Rx_IRS StringUtils_Num2Str CH0_ISR CH1_ISR main _PUSH_ARGS_L 
  _ENTER_UNARY_L _ENTER_BINARY_L _ENTER_BINARY_L_RC _ENTER_BINARY_L_LC _IDIVMOD 
  _SPLITSIGN _LADD_k_is_k_plus_j _k_is_k_plus_j_l _k_is_k_plus_j_i 
  _LMUL_k_is_k_mul_j _LDIVMOD _LDIVU_k_is_k_div_j _LCMP_k_rel_j _IMUL_STAR08 
  _IDIVS_STAR08 _IDIVU_STAR08 _IMODU_STAR08 _IMODU_8 _LADD _LMUL_RC _LDIVU_LC 
  _LLSR _LCMP_RC _POP32 _SEXT16_32 
SECTION: ".bss"
  cTxMsg u8TxSize u8TxIndex bTxIsBusy fnRxCallback cRxData accumulatedValue 
  index 
SECTION: ".init"
  loadByte Init _Startup 
SECTION: ".abs_section_ffde"
  _Vector_16 
SECTION: ".abs_section_ffe0"
  _Vector_15 
SECTION: ".abs_section_fff4"
  _Vector_5 
SECTION: ".abs_section_fff2"
  _Vector_6 
SECTION: ".common"
  dutyCycle RPM t0 t1 t2 T string string2 counts pos mode countsSCI 
  error_anterior error_actual acumulador derivativo Q 
SECTION: ".abs_section_0"
  _PTAD 
SECTION: ".abs_section_1"
  _PTADD 
SECTION: ".abs_section_2"
  _PTBD 
SECTION: ".abs_section_3"
  _PTBDD 
SECTION: ".abs_section_c"
  _KBISC 
SECTION: ".abs_section_d"
  _KBIPE 
SECTION: ".abs_section_e"
  _KBIES 
SECTION: ".abs_section_f"
  _IRQSC 
SECTION: ".abs_section_10"
  _ADCSC1 
SECTION: ".abs_section_11"
  _ADCSC2 
SECTION: ".abs_section_16"
  _ADCCFG 
SECTION: ".abs_section_17"
  _APCTL1 
SECTION: ".abs_section_1a"
  _ACMPSC 
SECTION: ".abs_section_22"
  _SCIC1 
SECTION: ".abs_section_23"
  _SCIC2 
SECTION: ".abs_section_24"
  _SCIS1 
SECTION: ".abs_section_25"
  _SCIS2 
SECTION: ".abs_section_26"
  _SCIC3 
SECTION: ".abs_section_27"
  _SCID 
SECTION: ".abs_section_28"
  _SPIC1 
SECTION: ".abs_section_29"
  _SPIC2 
SECTION: ".abs_section_2a"
  _SPIBR 
SECTION: ".abs_section_2b"
  _SPIS 
SECTION: ".abs_section_2d"
  _SPID 
SECTION: ".abs_section_30"
  _IICA 
SECTION: ".abs_section_31"
  _IICF 
SECTION: ".abs_section_32"
  _IICC 
SECTION: ".abs_section_33"
  _IICS 
SECTION: ".abs_section_34"
  _IICD 
SECTION: ".abs_section_38"
  _ICSC1 
SECTION: ".abs_section_39"
  _ICSC2 
SECTION: ".abs_section_3a"
  _ICSTRM 
SECTION: ".abs_section_3b"
  _ICSSC 
SECTION: ".abs_section_3c"
  _MTIMSC 
SECTION: ".abs_section_3d"
  _MTIMCLK 
SECTION: ".abs_section_3e"
  _MTIMCNT 
SECTION: ".abs_section_3f"
  _MTIMMOD 
SECTION: ".abs_section_40"
  _TPMSC 
SECTION: ".abs_section_45"
  _TPMC0SC 
SECTION: ".abs_section_48"
  _TPMC1SC 
SECTION: ".abs_section_1800"
  _SRS 
SECTION: ".abs_section_1801"
  _SBDFR 
SECTION: ".abs_section_1802"
  _SOPT1 
SECTION: ".abs_section_1803"
  _SOPT2 
SECTION: ".abs_section_1808"
  _SRTISC 
SECTION: ".abs_section_1809"
  _SPMSC1 
SECTION: ".abs_section_180a"
  _SPMSC2 
SECTION: ".abs_section_180c"
  _SPMSC3 
SECTION: ".abs_section_1816"
  _DBGC 
SECTION: ".abs_section_1817"
  _DBGT 
SECTION: ".abs_section_1818"
  _DBGS 
SECTION: ".abs_section_1820"
  _FCDIV 
SECTION: ".abs_section_1821"
  _FOPT 
SECTION: ".abs_section_1823"
  _FCNFG 
SECTION: ".abs_section_1824"
  _FPROT 
SECTION: ".abs_section_1825"
  _FSTAT 
SECTION: ".abs_section_1826"
  _FCMD 
SECTION: ".abs_section_1840"
  _PTAPE 
SECTION: ".abs_section_1841"
  _PTASE 
SECTION: ".abs_section_1842"
  _PTADS 
SECTION: ".abs_section_1844"
  _PTBPE 
SECTION: ".abs_section_1845"
  _PTBSE 
SECTION: ".abs_section_1846"
  _PTBDS 
SECTION: ".abs_section_12"
  _ADCR 
SECTION: ".abs_section_14"
  _ADCCV 
SECTION: ".abs_section_20"
  _SCIBD 
SECTION: ".abs_section_41"
  _TPMCNT 
SECTION: ".abs_section_43"
  _TPMMOD 
SECTION: ".abs_section_46"
  _TPMC0V 
SECTION: ".abs_section_49"
  _TPMC1V 
SECTION: ".abs_section_1806"
  _SDID 
SECTION: ".abs_section_1810"
  _DBGCA 
SECTION: ".abs_section_1812"
  _DBGCB 
SECTION: ".abs_section_1814"
  _DBGF 

*********************************************************************************************
OBJECT LIST SORTED BY ADDRESS
     Name                                      Addr   hSize   dSize     Ref    Section   RLIB
---------------------------------------------------------------------------------------------
     _PTAD                                        0       1       1       0   .abs_section_0
     _PTADD                                       1       1       1       0   .abs_section_1
     _PTBD                                        2       1       1       0   .abs_section_2
     _PTBDD                                       3       1       1       1   .abs_section_3
     _KBISC                                       C       1       1       0   .abs_section_c
     _KBIPE                                       D       1       1       0   .abs_section_d
     _KBIES                                       E       1       1       0   .abs_section_e
     _IRQSC                                       F       1       1       0   .abs_section_f
     _ADCSC1                                     10       1       1       0   .abs_section_10
     _ADCSC2                                     11       1       1       0   .abs_section_11
     _ADCR                                       12       2       2       0   .abs_section_12
     _ADCCV                                      14       2       2       0   .abs_section_14
     _ADCCFG                                     16       1       1       0   .abs_section_16
     _APCTL1                                     17       1       1       0   .abs_section_17
     _ACMPSC                                     1A       1       1       0   .abs_section_1a
     _SCIBD                                      20       2       2       1   .abs_section_20
     _SCIC1                                      22       1       1       0   .abs_section_22
     _SCIC2                                      23       1       1       3   .abs_section_23
     _SCIS1                                      24       1       1       2   .abs_section_24
     _SCIS2                                      25       1       1       0   .abs_section_25
     _SCIC3                                      26       1       1       0   .abs_section_26
     _SCID                                       27       1       1       3   .abs_section_27
     _SPIC1                                      28       1       1       0   .abs_section_28
     _SPIC2                                      29       1       1       0   .abs_section_29
     _SPIBR                                      2A       1       1       0   .abs_section_2a
     _SPIS                                       2B       1       1       0   .abs_section_2b
     _SPID                                       2D       1       1       0   .abs_section_2d
     _IICA                                       30       1       1       0   .abs_section_30
     _IICF                                       31       1       1       0   .abs_section_31
     _IICC                                       32       1       1       0   .abs_section_32
     _IICS                                       33       1       1       0   .abs_section_33
     _IICD                                       34       1       1       0   .abs_section_34
     _ICSC1                                      38       1       1       0   .abs_section_38
     _ICSC2                                      39       1       1       0   .abs_section_39
     _ICSTRM                                     3A       1       1       0   .abs_section_3a
     _ICSSC                                      3B       1       1       0   .abs_section_3b
     _MTIMSC                                     3C       1       1       0   .abs_section_3c
     _MTIMCLK                                    3D       1       1       0   .abs_section_3d
     _MTIMCNT                                    3E       1       1       0   .abs_section_3e
     _MTIMMOD                                    3F       1       1       0   .abs_section_3f
     _TPMSC                                      40       1       1       1   .abs_section_40
     _TPMCNT                                     41       2       2       1   .abs_section_41
     _TPMMOD                                     43       2       2       0   .abs_section_43
     _TPMC0SC                                    45       1       1       3   .abs_section_45
     _TPMC0V                                     46       2       2       0   .abs_section_46
     _TPMC1SC                                    48       1       1       6   .abs_section_48
     _TPMC1V                                     49       2       2       5   .abs_section_49
     cTxMsg                                     100      1E      30       3   .bss        
     u8TxSize                                   11E       1       1       2   .bss        
     u8TxIndex                                  11F       1       1       4   .bss        
     bTxIsBusy                                  120       1       1       3   .bss        
     fnRxCallback                               121       2       2       1   .bss        
     cRxData                                    123       1       1       1   .bss        
     accumulatedValue                           124       2       2       4   .bss        
     index                                      126       1       1       4   .bss        
     dutyCycle                                  127       2       2       9   .common     
     RPM                                        129       2       2       3   .common     
     t0                                         12B       4       4       5   .common     
     t1                                         12F       2       2       5   .common     
     t2                                         131       2       2       4   .common     
     T                                          133       4       4       6   .common     
     string                                     137       6       6       3   .common     
     string2                                    13D       6       6       3   .common     
     counts                                     143       1       1       4   .common     
     pos                                        144       2       2       2   .common     
     mode                                       146       1       1       3   .common     
     countsSCI                                  147       1       1       4   .common     
     error_anterior                             148       2       2       4   .common     
     error_actual                               14A       2       2       6   .common     
     acumulador                                 14C       4       4       4   .common     
     derivativo                                 150       2       2       3   .common     
     Q                                          152       4       4      10   .common     
     _SRS                                      1800       1       1       1   .abs_section_1800
     _SBDFR                                    1801       1       1       0   .abs_section_1801
     _SOPT1                                    1802       1       1       0   .abs_section_1802
     _SOPT2                                    1803       1       1       0   .abs_section_1803
     _SDID                                     1806       2       2       0   .abs_section_1806
     _SRTISC                                   1808       1       1       0   .abs_section_1808
     _SPMSC1                                   1809       1       1       0   .abs_section_1809
     _SPMSC2                                   180A       1       1       0   .abs_section_180a
     _SPMSC3                                   180C       1       1       0   .abs_section_180c
     _DBGCA                                    1810       2       2       0   .abs_section_1810
     _DBGCB                                    1812       2       2       0   .abs_section_1812
     _DBGF                                     1814       2       2       0   .abs_section_1814
     _DBGC                                     1816       1       1       0   .abs_section_1816
     _DBGT                                     1817       1       1       0   .abs_section_1817
     _DBGS                                     1818       1       1       0   .abs_section_1818
     _FCDIV                                    1820       1       1       0   .abs_section_1820
     _FOPT                                     1821       1       1       0   .abs_section_1821
     _FCNFG                                    1823       1       1       0   .abs_section_1823
     _FPROT                                    1824       1       1       0   .abs_section_1824
     _FSTAT                                    1825       1       1       0   .abs_section_1825
     _FCMD                                     1826       1       1       0   .abs_section_1826
     _PTAPE                                    1840       1       1       0   .abs_section_1840
     _PTASE                                    1841       1       1       0   .abs_section_1841
     _PTADS                                    1842       1       1       0   .abs_section_1842
     _PTBPE                                    1844       1       1       0   .abs_section_1844
     _PTBSE                                    1845       1       1       0   .abs_section_1845
     _PTBDS                                    1846       1       1       0   .abs_section_1846
     loadByte                                  E000       E      14       5   .init       
     Init                                      E00E      6D     109       1   .init       
     _Startup                                  E07B       9       9       0   .init       
     SCI_InitTx                                E092       8       8       1   .text       
     SCI_SendMessage                           E09A      3F      63       1   .text       
     SCI_TxIsBusy                              E0D9       4       4       1   .text       
     SCI_BaudRateModuloDivisor                 E0DD       4       4       1   .text       
     SCI_Tx_IRS                                E0E1      23      35       1   .text       
     SCI_Rx_IRS                                E104      10      16       1   .text       
     StringUtils_Num2Str                       E114      56      86       2   .text       
     CH0_ISR                                   E16A      3A      58       1   .text       
     CH1_ISR                                   E1A4      74     116       1   .text       
     main                                      E218     1BB     443       5   .text       
     _PUSH_ARGS_L                              E3D3      20      32       3   .text       
     _ENTER_UNARY_L                            E3F3      29      41       1   .text       
     _ENTER_BINARY_L                           E41C      16      22       1   .text       
     _ENTER_BINARY_L_RC                        E432      19      25       2   .text       
     _ENTER_BINARY_L_LC                        E44B      1A      26       1   .text       
     _IDIVMOD                                  E465      69     105       3   .text       
     _SPLITSIGN                                E4CE      1C      28       1   .text       
     _LADD_k_is_k_plus_j                       E4EA      1F      31       1   .text       
     _k_is_k_plus_j_l                          E509      1E      30       2   .text       
     _k_is_k_plus_j_i                          E527      12      18       3   .text       
     _LMUL_k_is_k_mul_j                        E539      81     129       1   .text       
     _LDIVMOD                                  E5BA      A4     164       1   .text       
     _LDIVU_k_is_k_div_j                       E65E      17      23       1   .text       
     _LCMP_k_rel_j                             E675      1F      31       1   .text       
     _IMUL_STAR08                              E694      27      39       1   .text       
     _IDIVS_STAR08                             E6BB      1B      27       1   .text       
     _IDIVU_STAR08                             E6D6       D      13       1   .text       
     _IMODU_STAR08                             E6E3      10      16       1   .text       
     _IMODU_8                                  E6F3      12      18       1   .text       
     _LADD                                     E705       6       6       3   .text       
     _LMUL_RC                                  E70B       6       6       1   .text       
     _LDIVU_LC                                 E711       6       6       1   .text       
     _LLSR                                     E717      16      22       1   .text       
     _LCMP_RC                                  E72D       6       6       3   .text       
     _POP32                                    E733      1A      26       5   .text       
     _SEXT16_32                                E74D       D      13       3   .text       
     _Vector_16                                FFDE       2       2       0   .abs_section_ffde
     _Vector_15                                FFE0       2       2       0   .abs_section_ffe0
     _Vector_6                                 FFF2       2       2       0   .abs_section_fff2
     _Vector_5                                 FFF4       2       2       0   .abs_section_fff4

*********************************************************************************************
UNUSED-OBJECTS SECTION
---------------------------------------------------------------------------------------------
NOT USED PROCEDURES
SCI_c.obj:
  SCI_InitRx SCI_RxSetCallback 
rtshc08.o (ansiis.lib):
  _PUSH_ARGS_D _ENTER_UNARY_L64 _ENTER_UNARY_L64_4 _ENTER_BINARY_L64 
  _ENTER_BINARY_L64_LC _ENTER_BINARY_L64_RC _LSUB_k_is_k_minus_j 
  _LAND_k_is_k_and_j _LOR_k_is_k_or_j _LXOR_k_is_k_xor_j _NEG_L_HX _ABS_L_HX 
  _SPLITSIGN_L _LMODU_k_is_k_mod_j _LMODS_k_is_k_mod_j _LDIVS_k_is_k_div_j 
  _CMP24_k_rel_j _BMULS _BDIVS _BMODS _IMODS_STAR08 _IDIVU_8 _IASR _ILSR _ILSL 
  _ICMP _LINC _LDEC _LNEG _LNOT _LADD_RC _LSUB _LSUB_LC _LSUB_RC _LAND _LAND_RC 
  _LOR _LOR_RC _LXOR _LXOR_RC _LMUL _LDIVS _LDIVS_LC _LDIVS_RC _LDIVU _LDIVU_RC 
  _LMODS _LMODS_LC _LMODS_RC _LMODU _LMODU_LC _LMODU_RC _LASR _LLSL _LCMP 
  _PUSH_ARGS_24 _ENTER_BINARY_24_RC _ENTER_BINARY_24 _CMP24 _CMP24_RC _COPY 
  _COPY_L _POP64 _STORE32 _STORE64 _SEXT8_32 _CALL_STAR08 _CALL_STAR08_FAR 
  _Jump_Table_Addr _Jump_Table_Offset _Jump_Table_Header_Addr 
  _Jump_Table_Header_Offset _Search_Table_16_Addr _Search_Table_16_Offset 
  _Search_Table_8_Addr _Search_Table_8_Offset _PUSH_CC _POP_CC 
  _CONV_FAR_TO_NEAR _CONV_FAR_TO_LINEAR _CONV_LINEAR_TO_FAR 
NOT USED VARIABLES
rtshc08.o (ansiis.lib):
  _PowOfTwo_8 _PowOfTwo_16 _PowOfTwo_32 errno 

*********************************************************************************************
COPYDOWN SECTION
---------------------------------------------------------------------------------------------
------- ROM-ADDRESS: 0xE75A ---- SIZE       2 ---
Filling bytes inserted
 0000

*********************************************************************************************
OBJECT-DEPENDENCIES SECTION
---------------------------------------------------------------------------------------------
Init                      USES _startupData loadByte 
_Startup                  USES __SEG_END_SSTACK Init main 
SCI_InitTx                USES SCI_BaudRateModuloDivisor _SCIBD _SCIC2 
SCI_SendMessage           USES cTxMsg u8TxSize u8TxIndex _SCID _SCIC2 
                                bTxIsBusy 
SCI_TxIsBusy              USES bTxIsBusy 
SCI_Tx_IRS                USES _SCIS1 u8TxSize u8TxIndex _SCIC2 bTxIsBusy 
                                cTxMsg _SCID 
SCI_Rx_IRS                USES _SCIS1 _SCID cRxData fnRxCallback 
StringUtils_Num2Str       USES accumulatedValue index _IMODU_8 _IDIVU_STAR08 
CH0_ISR                   USES _TPMC0SC t1 t2 _TPMCNT t0 counts 
CH1_ISR                   USES _TPMC1SC _TPMC1V dutyCycle T _LADD _POP32 
main                      USES SCI_InitTx t0 t1 t2 T error_actual 
                                error_anterior acumulador derivativo Q countsSCI _PTBDD 
                                dutyCycle _TPMSC _TPMC1SC _TPMC1V _TPMC0SC _SRS _LCMP_RC 
                                main RPM _SEXT16_32 _LADD _POP32 _IMUL_STAR08 
                                _LMUL_RC _LLSR SCI_TxIsBusy mode string2 pos 
                                StringUtils_Num2Str string SCI_SendMessage _LDIVU_LC counts 
                                _IDIVS_STAR08 
_ENTER_BINARY_L           USES _PUSH_ARGS_L 
_ENTER_BINARY_L_RC        USES _PUSH_ARGS_L 
_ENTER_BINARY_L_LC        USES _PUSH_ARGS_L 
_SPLITSIGN                USES _IDIVMOD 
_LMUL_k_is_k_mul_j        USES _k_is_k_plus_j_l _k_is_k_plus_j_i 
_LDIVU_k_is_k_div_j       USES _LDIVMOD 
_IDIVS_STAR08             USES _SPLITSIGN 
_IDIVU_STAR08             USES _IDIVMOD 
_IMODU_STAR08             USES _IDIVMOD 
_IMODU_8                  USES _IMODU_STAR08 
_LADD                     USES _ENTER_BINARY_L _LADD_k_is_k_plus_j 
_LMUL_RC                  USES _ENTER_BINARY_L_RC _LMUL_k_is_k_mul_j 
_LDIVU_LC                 USES _ENTER_BINARY_L_LC _LDIVU_k_is_k_div_j 
_LLSR                     USES _ENTER_UNARY_L 
_LCMP_RC                  USES _ENTER_BINARY_L_RC _LCMP_k_rel_j 
_Vector_16                USES SCI_Tx_IRS 
_Vector_15                USES SCI_Rx_IRS 
_Vector_6                 USES CH1_ISR 
_Vector_5                 USES CH0_ISR 

*********************************************************************************************
DEPENDENCY TREE
*********************************************************************************************
 main and _Startup Group
 | 
 +- main                
 |  | 
 |  +- SCI_InitTx          
 |  |  | 
 |  |  +- SCI_BaudRateModuloDivisor
 |  |       
 |  +- _LCMP_RC            
 |  |  | 
 |  |  +- _ENTER_BINARY_L_RC  
 |  |  |  | 
 |  |  |  +- _PUSH_ARGS_L        
 |  |  |       
 |  |  +- _LCMP_k_rel_j       
 |  |       
 |  +- _SEXT16_32          
 |  |    
 |  +- _LADD               
 |  |  | 
 |  |  +- _ENTER_BINARY_L     
 |  |  |  | 
 |  |  |  +- _PUSH_ARGS_L         (see above)
 |  |  |     
 |  |  +- _LADD_k_is_k_plus_j 
 |  |       
 |  +- _POP32              
 |  |    
 |  +- _IMUL_STAR08        
 |  |    
 |  +- _LMUL_RC            
 |  |  | 
 |  |  +- _ENTER_BINARY_L_RC   (see above)
 |  |  |  
 |  |  +- _LMUL_k_is_k_mul_j  
 |  |     | 
 |  |     +- _k_is_k_plus_j_l    
 |  |     |    
 |  |     +- _k_is_k_plus_j_i    
 |  |          
 |  +- _LLSR               
 |  |  | 
 |  |  +- _ENTER_UNARY_L      
 |  |       
 |  +- SCI_TxIsBusy        
 |  |    
 |  +- StringUtils_Num2Str 
 |  |  | 
 |  |  +- _IMODU_8            
 |  |  |  | 
 |  |  |  +- _IMODU_STAR08       
 |  |  |     | 
 |  |  |     +- _IDIVMOD            
 |  |  |          
 |  |  +- _IDIVU_STAR08       
 |  |     | 
 |  |     +- _IDIVMOD             (see above)
 |  |        
 |  +- SCI_SendMessage     
 |  |    
 |  +- _LDIVU_LC           
 |  |  | 
 |  |  +- _ENTER_BINARY_L_LC  
 |  |  |  | 
 |  |  |  +- _PUSH_ARGS_L         (see above)
 |  |  |     
 |  |  +- _LDIVU_k_is_k_div_j 
 |  |     | 
 |  |     +- _LDIVMOD            
 |  |          
 |  +- _IDIVS_STAR08       
 |     | 
 |     +- _SPLITSIGN          
 |        | 
 |        +- _IDIVMOD             (see above)
 |           
 +- _Startup            
    | 
    +- Init                
    |  | 
    |  +- loadByte            
    |       
    +- main                 (see above)
       
 _Vector_16          
 | 
 +- SCI_Tx_IRS          
      
 _Vector_15          
 | 
 +- SCI_Rx_IRS          
      
 _Vector_5           
 | 
 +- CH0_ISR             
      
 _Vector_6           
 | 
 +- CH1_ISR             
    | 
    +- _LADD                (see above)
    |  
    +- _POP32               (see above)
       
*********************************************************************************************
STATISTIC SECTION
---------------------------------------------------------------------------------------------

ExeFile:
--------
Number of blocks to be downloaded: 7
Total size of all blocks to be downloaded: 1894

